  ChessNNpc.cpp
C:\Users\User\source\repos\ChessNNpc\ChessNNpc\ChessNNpc.cpp(7,10): warning C4067: unexpected tokens following preprocessor directive - expected a newline
C:\Users\User\source\repos\ChessNNpc\ChessNNpc\ChessNNpc.cpp(3997,94): warning C4244: 'argument': conversion from 'int' to 'float', possible loss of data
C:\Users\User\source\repos\ChessNNpc\ChessNNpc\ChessNNpc.cpp(3997,61): warning C4244: 'argument': conversion from 'int' to 'float', possible loss of data
C:\Users\User\source\repos\ChessNNpc\ChessNNpc\ChessNNpc.cpp(4000,77): warning C4244: 'argument': conversion from 'int' to 'float', possible loss of data
C:\Users\User\source\repos\ChessNNpc\ChessNNpc\ChessNNpc.cpp(4000,61): warning C4244: 'argument': conversion from 'int' to 'float', possible loss of data
C:\Users\User\source\repos\ChessNNpc\ChessNNpc\ChessNNpc.cpp(4004,77): warning C4244: 'argument': conversion from 'int' to 'float', possible loss of data
C:\Users\User\source\repos\ChessNNpc\ChessNNpc\ChessNNpc.cpp(4004,61): warning C4244: 'argument': conversion from 'int' to 'float', possible loss of data
C:\Users\User\source\repos\ChessNNpc\ChessNNpc\ChessNNpc.cpp(4014,94): warning C4244: 'argument': conversion from 'int' to 'float', possible loss of data
C:\Users\User\source\repos\ChessNNpc\ChessNNpc\ChessNNpc.cpp(4014,61): warning C4244: 'argument': conversion from 'int' to 'float', possible loss of data
C:\Users\User\source\repos\ChessNNpc\ChessNNpc\ChessNNpc.cpp(4017,77): warning C4244: 'argument': conversion from 'int' to 'float', possible loss of data
C:\Users\User\source\repos\ChessNNpc\ChessNNpc\ChessNNpc.cpp(4017,61): warning C4244: 'argument': conversion from 'int' to 'float', possible loss of data
C:\Users\User\source\repos\ChessNNpc\ChessNNpc\ChessNNpc.cpp(4031,102): warning C4244: 'argument': conversion from 'int' to 'float', possible loss of data
C:\Users\User\source\repos\ChessNNpc\ChessNNpc\ChessNNpc.cpp(4031,69): warning C4244: 'argument': conversion from 'int' to 'float', possible loss of data
C:\Users\User\source\repos\ChessNNpc\ChessNNpc\ChessNNpc.cpp(4032,81): warning C4244: 'argument': conversion from 'int' to 'float', possible loss of data
C:\Users\User\source\repos\ChessNNpc\ChessNNpc\ChessNNpc.cpp(4032,65): warning C4244: 'argument': conversion from 'int' to 'float', possible loss of data
C:\Users\User\source\repos\ChessNNpc\ChessNNpc\ChessNNpc.cpp(4045,102): warning C4244: 'argument': conversion from 'int' to 'float', possible loss of data
C:\Users\User\source\repos\ChessNNpc\ChessNNpc\ChessNNpc.cpp(4045,69): warning C4244: 'argument': conversion from 'int' to 'float', possible loss of data
C:\Users\User\source\repos\ChessNNpc\ChessNNpc\ChessNNpc.cpp(4046,81): warning C4244: 'argument': conversion from 'int' to 'float', possible loss of data
C:\Users\User\source\repos\ChessNNpc\ChessNNpc\ChessNNpc.cpp(4046,65): warning C4244: 'argument': conversion from 'int' to 'float', possible loss of data
C:\Users\User\source\repos\ChessNNpc\ChessNNpc\ChessNNpc.cpp(4055,116): warning C4244: 'argument': conversion from 'int' to 'float', possible loss of data
C:\Users\User\source\repos\ChessNNpc\ChessNNpc\ChessNNpc.cpp(4055,70): warning C4244: 'argument': conversion from 'int' to 'float', possible loss of data
C:\Users\User\source\repos\ChessNNpc\ChessNNpc\ChessNNpc.cpp(4056,69): warning C4244: 'argument': conversion from 'int' to 'float', possible loss of data
C:\Users\User\source\repos\ChessNNpc\ChessNNpc\ChessNNpc.cpp(4056,53): warning C4244: 'argument': conversion from 'int' to 'float', possible loss of data
C:\Users\User\source\repos\ChessNNpc\ChessNNpc\ChessNNpc.cpp(4064,94): warning C4244: 'argument': conversion from 'int' to 'float', possible loss of data
C:\Users\User\source\repos\ChessNNpc\ChessNNpc\ChessNNpc.cpp(4064,61): warning C4244: 'argument': conversion from 'int' to 'float', possible loss of data
C:\Users\User\source\repos\ChessNNpc\ChessNNpc\ChessNNpc.cpp(4072,72): warning C4244: 'argument': conversion from 'int' to 'float', possible loss of data
C:\Users\User\source\repos\ChessNNpc\ChessNNpc\ChessNNpc.cpp(4072,56): warning C4244: 'argument': conversion from 'int' to 'float', possible loss of data
C:\Users\User\source\repos\ChessNNpc\ChessNNpc\ChessNNpc.cpp(4075,72): warning C4244: 'argument': conversion from 'int' to 'float', possible loss of data
C:\Users\User\source\repos\ChessNNpc\ChessNNpc\ChessNNpc.cpp(4075,56): warning C4244: 'argument': conversion from 'int' to 'float', possible loss of data
C:\Users\User\source\repos\ChessNNpc\ChessNNpc\ChessNNpc.cpp(4078,72): warning C4244: 'argument': conversion from 'int' to 'float', possible loss of data
C:\Users\User\source\repos\ChessNNpc\ChessNNpc\ChessNNpc.cpp(4078,56): warning C4244: 'argument': conversion from 'int' to 'float', possible loss of data
C:\Users\User\source\repos\ChessNNpc\ChessNNpc\ChessNNpc.cpp(4081,72): warning C4244: 'argument': conversion from 'int' to 'float', possible loss of data
C:\Users\User\source\repos\ChessNNpc\ChessNNpc\ChessNNpc.cpp(4081,56): warning C4244: 'argument': conversion from 'int' to 'float', possible loss of data
C:\Users\User\source\repos\ChessNNpc\ChessNNpc\ChessNNpc.cpp(4084,72): warning C4244: 'argument': conversion from 'int' to 'float', possible loss of data
C:\Users\User\source\repos\ChessNNpc\ChessNNpc\ChessNNpc.cpp(4084,56): warning C4244: 'argument': conversion from 'int' to 'float', possible loss of data
C:\Users\User\source\repos\ChessNNpc\ChessNNpc\ChessNNpc.cpp(4087,72): warning C4244: 'argument': conversion from 'int' to 'float', possible loss of data
C:\Users\User\source\repos\ChessNNpc\ChessNNpc\ChessNNpc.cpp(4087,56): warning C4244: 'argument': conversion from 'int' to 'float', possible loss of data
C:\Users\User\source\repos\ChessNNpc\ChessNNpc\ChessNNpc.cpp(4090,72): warning C4244: 'argument': conversion from 'int' to 'float', possible loss of data
C:\Users\User\source\repos\ChessNNpc\ChessNNpc\ChessNNpc.cpp(4090,56): warning C4244: 'argument': conversion from 'int' to 'float', possible loss of data
C:\Users\User\source\repos\ChessNNpc\ChessNNpc\ChessNNpc.cpp(4093,72): warning C4244: 'argument': conversion from 'int' to 'float', possible loss of data
C:\Users\User\source\repos\ChessNNpc\ChessNNpc\ChessNNpc.cpp(4093,56): warning C4244: 'argument': conversion from 'int' to 'float', possible loss of data
C:\Users\User\source\repos\ChessNNpc\ChessNNpc\ChessNNpc.cpp(4096,72): warning C4244: 'argument': conversion from 'int' to 'float', possible loss of data
C:\Users\User\source\repos\ChessNNpc\ChessNNpc\ChessNNpc.cpp(4096,56): warning C4244: 'argument': conversion from 'int' to 'float', possible loss of data
C:\Users\User\source\repos\ChessNNpc\ChessNNpc\ChessNNpc.cpp(4099,72): warning C4244: 'argument': conversion from 'int' to 'float', possible loss of data
C:\Users\User\source\repos\ChessNNpc\ChessNNpc\ChessNNpc.cpp(4099,56): warning C4244: 'argument': conversion from 'int' to 'float', possible loss of data
C:\Users\User\source\repos\ChessNNpc\ChessNNpc\ChessNNpc.cpp(4102,72): warning C4244: 'argument': conversion from 'int' to 'float', possible loss of data
C:\Users\User\source\repos\ChessNNpc\ChessNNpc\ChessNNpc.cpp(4102,56): warning C4244: 'argument': conversion from 'int' to 'float', possible loss of data
C:\Users\User\source\repos\ChessNNpc\ChessNNpc\ChessNNpc.cpp(4105,72): warning C4244: 'argument': conversion from 'int' to 'float', possible loss of data
C:\Users\User\source\repos\ChessNNpc\ChessNNpc\ChessNNpc.cpp(4105,56): warning C4244: 'argument': conversion from 'int' to 'float', possible loss of data
C:\Users\User\source\repos\ChessNNpc\ChessNNpc\ChessNNpc.cpp(4119,86): warning C4244: 'argument': conversion from 'int' to 'float', possible loss of data
C:\Users\User\source\repos\ChessNNpc\ChessNNpc\ChessNNpc.cpp(4119,57): warning C4244: 'argument': conversion from 'int' to 'float', possible loss of data
C:\Users\User\source\repos\ChessNNpc\ChessNNpc\ChessNNpc.cpp(4122,77): warning C4244: 'argument': conversion from 'int' to 'float', possible loss of data
C:\Users\User\source\repos\ChessNNpc\ChessNNpc\ChessNNpc.cpp(4122,61): warning C4244: 'argument': conversion from 'int' to 'float', possible loss of data
C:\Users\User\source\repos\ChessNNpc\ChessNNpc\ChessNNpc.cpp(4126,77): warning C4244: 'argument': conversion from 'int' to 'float', possible loss of data
C:\Users\User\source\repos\ChessNNpc\ChessNNpc\ChessNNpc.cpp(4126,61): warning C4244: 'argument': conversion from 'int' to 'float', possible loss of data
C:\Users\User\source\repos\ChessNNpc\ChessNNpc\ChessNNpc.cpp(4136,86): warning C4244: 'argument': conversion from 'int' to 'float', possible loss of data
C:\Users\User\source\repos\ChessNNpc\ChessNNpc\ChessNNpc.cpp(4136,57): warning C4244: 'argument': conversion from 'int' to 'float', possible loss of data
C:\Users\User\source\repos\ChessNNpc\ChessNNpc\ChessNNpc.cpp(4139,77): warning C4244: 'argument': conversion from 'int' to 'float', possible loss of data
C:\Users\User\source\repos\ChessNNpc\ChessNNpc\ChessNNpc.cpp(4139,61): warning C4244: 'argument': conversion from 'int' to 'float', possible loss of data
C:\Users\User\source\repos\ChessNNpc\ChessNNpc\ChessNNpc.cpp(4153,94): warning C4244: 'argument': conversion from 'int' to 'float', possible loss of data
C:\Users\User\source\repos\ChessNNpc\ChessNNpc\ChessNNpc.cpp(4153,65): warning C4244: 'argument': conversion from 'int' to 'float', possible loss of data
C:\Users\User\source\repos\ChessNNpc\ChessNNpc\ChessNNpc.cpp(4154,81): warning C4244: 'argument': conversion from 'int' to 'float', possible loss of data
C:\Users\User\source\repos\ChessNNpc\ChessNNpc\ChessNNpc.cpp(4154,65): warning C4244: 'argument': conversion from 'int' to 'float', possible loss of data
C:\Users\User\source\repos\ChessNNpc\ChessNNpc\ChessNNpc.cpp(4167,94): warning C4244: 'argument': conversion from 'int' to 'float', possible loss of data
C:\Users\User\source\repos\ChessNNpc\ChessNNpc\ChessNNpc.cpp(4167,65): warning C4244: 'argument': conversion from 'int' to 'float', possible loss of data
C:\Users\User\source\repos\ChessNNpc\ChessNNpc\ChessNNpc.cpp(4168,81): warning C4244: 'argument': conversion from 'int' to 'float', possible loss of data
C:\Users\User\source\repos\ChessNNpc\ChessNNpc\ChessNNpc.cpp(4168,65): warning C4244: 'argument': conversion from 'int' to 'float', possible loss of data
C:\Users\User\source\repos\ChessNNpc\ChessNNpc\ChessNNpc.cpp(4177,108): warning C4244: 'argument': conversion from 'int' to 'float', possible loss of data
C:\Users\User\source\repos\ChessNNpc\ChessNNpc\ChessNNpc.cpp(4177,66): warning C4244: 'argument': conversion from 'int' to 'float', possible loss of data
C:\Users\User\source\repos\ChessNNpc\ChessNNpc\ChessNNpc.cpp(4178,69): warning C4244: 'argument': conversion from 'int' to 'float', possible loss of data
C:\Users\User\source\repos\ChessNNpc\ChessNNpc\ChessNNpc.cpp(4178,53): warning C4244: 'argument': conversion from 'int' to 'float', possible loss of data
C:\Users\User\source\repos\ChessNNpc\ChessNNpc\ChessNNpc.cpp(4186,86): warning C4244: 'argument': conversion from 'int' to 'float', possible loss of data
C:\Users\User\source\repos\ChessNNpc\ChessNNpc\ChessNNpc.cpp(4186,57): warning C4244: 'argument': conversion from 'int' to 'float', possible loss of data
C:\Users\User\source\repos\ChessNNpc\ChessNNpc\ChessNNpc.cpp(4194,72): warning C4244: 'argument': conversion from 'int' to 'float', possible loss of data
C:\Users\User\source\repos\ChessNNpc\ChessNNpc\ChessNNpc.cpp(4194,56): warning C4244: 'argument': conversion from 'int' to 'float', possible loss of data
C:\Users\User\source\repos\ChessNNpc\ChessNNpc\ChessNNpc.cpp(4197,72): warning C4244: 'argument': conversion from 'int' to 'float', possible loss of data
C:\Users\User\source\repos\ChessNNpc\ChessNNpc\ChessNNpc.cpp(4197,56): warning C4244: 'argument': conversion from 'int' to 'float', possible loss of data
C:\Users\User\source\repos\ChessNNpc\ChessNNpc\ChessNNpc.cpp(4200,72): warning C4244: 'argument': conversion from 'int' to 'float', possible loss of data
C:\Users\User\source\repos\ChessNNpc\ChessNNpc\ChessNNpc.cpp(4200,56): warning C4244: 'argument': conversion from 'int' to 'float', possible loss of data
C:\Users\User\source\repos\ChessNNpc\ChessNNpc\ChessNNpc.cpp(4203,72): warning C4244: 'argument': conversion from 'int' to 'float', possible loss of data
C:\Users\User\source\repos\ChessNNpc\ChessNNpc\ChessNNpc.cpp(4203,56): warning C4244: 'argument': conversion from 'int' to 'float', possible loss of data
C:\Users\User\source\repos\ChessNNpc\ChessNNpc\ChessNNpc.cpp(4206,72): warning C4244: 'argument': conversion from 'int' to 'float', possible loss of data
C:\Users\User\source\repos\ChessNNpc\ChessNNpc\ChessNNpc.cpp(4206,56): warning C4244: 'argument': conversion from 'int' to 'float', possible loss of data
C:\Users\User\source\repos\ChessNNpc\ChessNNpc\ChessNNpc.cpp(4209,72): warning C4244: 'argument': conversion from 'int' to 'float', possible loss of data
C:\Users\User\source\repos\ChessNNpc\ChessNNpc\ChessNNpc.cpp(4209,56): warning C4244: 'argument': conversion from 'int' to 'float', possible loss of data
C:\Users\User\source\repos\ChessNNpc\ChessNNpc\ChessNNpc.cpp(4212,72): warning C4244: 'argument': conversion from 'int' to 'float', possible loss of data
C:\Users\User\source\repos\ChessNNpc\ChessNNpc\ChessNNpc.cpp(4212,56): warning C4244: 'argument': conversion from 'int' to 'float', possible loss of data
C:\Users\User\source\repos\ChessNNpc\ChessNNpc\ChessNNpc.cpp(4215,72): warning C4244: 'argument': conversion from 'int' to 'float', possible loss of data
C:\Users\User\source\repos\ChessNNpc\ChessNNpc\ChessNNpc.cpp(4215,56): warning C4244: 'argument': conversion from 'int' to 'float', possible loss of data
C:\Users\User\source\repos\ChessNNpc\ChessNNpc\ChessNNpc.cpp(4218,72): warning C4244: 'argument': conversion from 'int' to 'float', possible loss of data
C:\Users\User\source\repos\ChessNNpc\ChessNNpc\ChessNNpc.cpp(4218,56): warning C4244: 'argument': conversion from 'int' to 'float', possible loss of data
C:\Users\User\source\repos\ChessNNpc\ChessNNpc\ChessNNpc.cpp(4221,72): warning C4244: 'argument': conversion from 'int' to 'float', possible loss of data
C:\Users\User\source\repos\ChessNNpc\ChessNNpc\ChessNNpc.cpp(4221,56): warning C4244: 'argument': conversion from 'int' to 'float', possible loss of data
C:\Users\User\source\repos\ChessNNpc\ChessNNpc\ChessNNpc.cpp(4224,72): warning C4244: 'argument': conversion from 'int' to 'float', possible loss of data
C:\Users\User\source\repos\ChessNNpc\ChessNNpc\ChessNNpc.cpp(4224,56): warning C4244: 'argument': conversion from 'int' to 'float', possible loss of data
C:\Users\User\source\repos\ChessNNpc\ChessNNpc\ChessNNpc.cpp(4227,72): warning C4244: 'argument': conversion from 'int' to 'float', possible loss of data
C:\Users\User\source\repos\ChessNNpc\ChessNNpc\ChessNNpc.cpp(4227,56): warning C4244: 'argument': conversion from 'int' to 'float', possible loss of data
C:\Users\User\source\repos\ChessNNpc\ChessNNpc\ChessNNpc.cpp(4238,123): warning C4244: 'argument': conversion from 'int' to 'float', possible loss of data
C:\Users\User\source\repos\ChessNNpc\ChessNNpc\ChessNNpc.cpp(4238,78): warning C4244: 'argument': conversion from 'int' to 'float', possible loss of data
C:\Users\User\source\repos\ChessNNpc\ChessNNpc\ChessNNpc.cpp(4253,120): warning C4244: 'argument': conversion from 'int' to 'float', possible loss of data
C:\Users\User\source\repos\ChessNNpc\ChessNNpc\ChessNNpc.cpp(4253,74): warning C4244: 'argument': conversion from 'int' to 'float', possible loss of data
C:\Users\User\source\repos\ChessNNpc\ChessNNpc\ChessNNpc.cpp(4259,71): warning C4244: 'argument': conversion from 'int' to 'float', possible loss of data
C:\Users\User\source\repos\ChessNNpc\ChessNNpc\ChessNNpc.cpp(4259,36): warning C4244: 'argument': conversion from 'int' to 'float', possible loss of data
C:\Users\User\source\repos\ChessNNpc\ChessNNpc\ChessNNpc.cpp(4261,71): warning C4244: 'argument': conversion from 'int' to 'float', possible loss of data
C:\Users\User\source\repos\ChessNNpc\ChessNNpc\ChessNNpc.cpp(4261,36): warning C4244: 'argument': conversion from 'int' to 'float', possible loss of data
C:\Users\User\source\repos\ChessNNpc\ChessNNpc\ChessNNpc.cpp(4265,82): warning C4244: 'argument': conversion from 'int' to 'float', possible loss of data
C:\Users\User\source\repos\ChessNNpc\ChessNNpc\ChessNNpc.cpp(4265,59): warning C4244: 'argument': conversion from 'int' to 'float', possible loss of data
C:\Users\User\source\repos\ChessNNpc\ChessNNpc\ChessNNpc.cpp(4278,82): warning C4244: 'argument': conversion from 'int' to 'float', possible loss of data
C:\Users\User\source\repos\ChessNNpc\ChessNNpc\ChessNNpc.cpp(4278,59): warning C4244: 'argument': conversion from 'int' to 'float', possible loss of data
C:\Users\User\source\repos\ChessNNpc\ChessNNpc\ChessNNpc.cpp(4283,81): warning C4244: 'argument': conversion from 'int' to 'float', possible loss of data
C:\Users\User\source\repos\ChessNNpc\ChessNNpc\ChessNNpc.cpp(4283,57): warning C4244: 'argument': conversion from 'int' to 'float', possible loss of data
C:\Users\User\source\repos\ChessNNpc\ChessNNpc\ChessNNpc.cpp(4285,81): warning C4244: 'argument': conversion from 'int' to 'float', possible loss of data
C:\Users\User\source\repos\ChessNNpc\ChessNNpc\ChessNNpc.cpp(4285,57): warning C4244: 'argument': conversion from 'int' to 'float', possible loss of data
C:\Users\User\source\repos\ChessNNpc\ChessNNpc\ChessNNpc.cpp(4290,81): warning C4244: 'argument': conversion from 'int' to 'float', possible loss of data
C:\Users\User\source\repos\ChessNNpc\ChessNNpc\ChessNNpc.cpp(4290,57): warning C4244: 'argument': conversion from 'int' to 'float', possible loss of data
C:\Users\User\source\repos\ChessNNpc\ChessNNpc\ChessNNpc.cpp(4294,77): warning C4244: 'argument': conversion from 'int' to 'float', possible loss of data
C:\Users\User\source\repos\ChessNNpc\ChessNNpc\ChessNNpc.cpp(4294,53): warning C4244: 'argument': conversion from 'int' to 'float', possible loss of data
C:\Users\User\source\repos\ChessNNpc\ChessNNpc\ChessNNpc.cpp(4296,77): warning C4244: 'argument': conversion from 'int' to 'float', possible loss of data
C:\Users\User\source\repos\ChessNNpc\ChessNNpc\ChessNNpc.cpp(4296,53): warning C4244: 'argument': conversion from 'int' to 'float', possible loss of data
C:\Users\User\source\repos\ChessNNpc\ChessNNpc\ChessNNpc.cpp(4298,77): warning C4244: 'argument': conversion from 'int' to 'float', possible loss of data
C:\Users\User\source\repos\ChessNNpc\ChessNNpc\ChessNNpc.cpp(4298,53): warning C4244: 'argument': conversion from 'int' to 'float', possible loss of data
C:\Users\User\source\repos\ChessNNpc\ChessNNpc\ChessNNpc.cpp(4300,77): warning C4244: 'argument': conversion from 'int' to 'float', possible loss of data
C:\Users\User\source\repos\ChessNNpc\ChessNNpc\ChessNNpc.cpp(4300,53): warning C4244: 'argument': conversion from 'int' to 'float', possible loss of data
C:\Users\User\source\repos\ChessNNpc\ChessNNpc\ChessNNpc.cpp(4302,77): warning C4244: 'argument': conversion from 'int' to 'float', possible loss of data
C:\Users\User\source\repos\ChessNNpc\ChessNNpc\ChessNNpc.cpp(4302,53): warning C4244: 'argument': conversion from 'int' to 'float', possible loss of data
C:\Users\User\source\repos\ChessNNpc\ChessNNpc\ChessNNpc.cpp(4304,77): warning C4244: 'argument': conversion from 'int' to 'float', possible loss of data
C:\Users\User\source\repos\ChessNNpc\ChessNNpc\ChessNNpc.cpp(4304,53): warning C4244: 'argument': conversion from 'int' to 'float', possible loss of data
C:\Users\User\source\repos\ChessNNpc\ChessNNpc\ChessNNpc.cpp(4306,77): warning C4244: 'argument': conversion from 'int' to 'float', possible loss of data
C:\Users\User\source\repos\ChessNNpc\ChessNNpc\ChessNNpc.cpp(4306,53): warning C4244: 'argument': conversion from 'int' to 'float', possible loss of data
C:\Users\User\source\repos\ChessNNpc\ChessNNpc\ChessNNpc.cpp(4308,77): warning C4244: 'argument': conversion from 'int' to 'float', possible loss of data
C:\Users\User\source\repos\ChessNNpc\ChessNNpc\ChessNNpc.cpp(4308,53): warning C4244: 'argument': conversion from 'int' to 'float', possible loss of data
C:\Users\User\source\repos\ChessNNpc\ChessNNpc\ChessNNpc.cpp(4312,75): warning C4244: 'argument': conversion from 'int' to 'float', possible loss of data
C:\Users\User\source\repos\ChessNNpc\ChessNNpc\ChessNNpc.cpp(4312,53): warning C4244: 'argument': conversion from 'int' to 'float', possible loss of data
C:\Users\User\source\repos\ChessNNpc\ChessNNpc\ChessNNpc.cpp(4314,76): warning C4244: 'argument': conversion from 'int' to 'float', possible loss of data
C:\Users\User\source\repos\ChessNNpc\ChessNNpc\ChessNNpc.cpp(4314,53): warning C4244: 'argument': conversion from 'int' to 'float', possible loss of data
C:\Users\User\source\repos\ChessNNpc\ChessNNpc\ChessNNpc.cpp(4319,75): warning C4244: 'argument': conversion from 'int' to 'float', possible loss of data
C:\Users\User\source\repos\ChessNNpc\ChessNNpc\ChessNNpc.cpp(4319,40): warning C4244: 'argument': conversion from 'int' to 'float', possible loss of data
C:\Users\User\source\repos\ChessNNpc\ChessNNpc\ChessNNpc.cpp(4324,75): warning C4244: 'argument': conversion from 'int' to 'float', possible loss of data
C:\Users\User\source\repos\ChessNNpc\ChessNNpc\ChessNNpc.cpp(4324,40): warning C4244: 'argument': conversion from 'int' to 'float', possible loss of data
C:\Users\User\source\repos\ChessNNpc\ChessNNpc\ChessNNpc.cpp(4330,123): warning C4244: 'argument': conversion from 'int' to 'float', possible loss of data
C:\Users\User\source\repos\ChessNNpc\ChessNNpc\ChessNNpc.cpp(4330,78): warning C4244: 'argument': conversion from 'int' to 'float', possible loss of data
C:\Users\User\source\repos\ChessNNpc\ChessNNpc\ChessNNpc.cpp(4352,37): warning C4553: '==': result of expression not used; did you intend '='?
C:\Users\User\source\repos\ChessNNpc\ChessNNpc\ChessNNpc.cpp(4368,37): warning C4553: '==': result of expression not used; did you intend '='?
C:\Users\User\source\repos\ChessNNpc\ChessNNpc\ChessNNpc.cpp(4375,37): warning C4553: '==': result of expression not used; did you intend '='?
C:\Users\User\source\repos\ChessNNpc\ChessNNpc\ChessNNpc.cpp(4391,37): warning C4553: '==': result of expression not used; did you intend '='?
C:\Users\User\source\repos\ChessNNpc\ChessNNpc\ChessNNpc.cpp(4403,23): warning C4244: 'initializing': conversion from 'float' to 'int', possible loss of data
C:\Users\User\source\repos\ChessNNpc\ChessNNpc\ChessNNpc.cpp(4404,23): warning C4244: 'initializing': conversion from 'float' to 'int', possible loss of data
  ChessNNpc.vcxproj -> C:\Users\User\source\repos\ChessNNpc\x64\Debug\ChessNNpc.exe
